---
source: src/controller/app_routes.rs
assertion_line: 334
expression: "format!(\"{:?} {}\", route.actions, route.uri)"
---
"[POST] /__loco/assistant"
