---
source: src/controller/app_routes.rs
assertion_line: 334
expression: "format!(\"{:?} {}\", route.actions, route.uri)"
---
"[GET] /__loco/cli/tasks"
